------------------------------------------------------------
Timing Analyzer Summary
------------------------------------------------------------

Type  : Slow 1100mV 85C Model Setup 'game_ctrl:control|g_curr.G_GAME'
Slack : -8.341
TNS   : -154.063

Type  : Slow 1100mV 85C Model Setup 'game_ctrl:control|g_curr.G_DISP'
Slack : -5.717
TNS   : -5.717

Type  : Slow 1100mV 85C Model Setup 'counter[0]'
Slack : -5.349
TNS   : -64.602

Type  : Slow 1100mV 85C Model Setup 'CLOCK_50'
Slack : -4.330
TNS   : -509.977

Type  : Slow 1100mV 85C Model Setup 'VGA|mypll|altpll_component|auto_generated|generic_pll1~PLL_OUTPUT_COUNTER|divclk'
Slack : 34.099
TNS   : 0.000

Type  : Slow 1100mV 85C Model Hold 'CLOCK_50'
Slack : 0.211
TNS   : 0.000

Type  : Slow 1100mV 85C Model Hold 'counter[0]'
Slack : 0.376
TNS   : 0.000

Type  : Slow 1100mV 85C Model Hold 'VGA|mypll|altpll_component|auto_generated|generic_pll1~PLL_OUTPUT_COUNTER|divclk'
Slack : 0.420
TNS   : 0.000

Type  : Slow 1100mV 85C Model Hold 'game_ctrl:control|g_curr.G_DISP'
Slack : 0.542
TNS   : 0.000

Type  : Slow 1100mV 85C Model Hold 'game_ctrl:control|g_curr.G_GAME'
Slack : 1.041
TNS   : 0.000

Type  : Slow 1100mV 85C Model Minimum Pulse Width 'counter[0]'
Slack : -0.456
TNS   : -9.699

Type  : Slow 1100mV 85C Model Minimum Pulse Width 'game_ctrl:control|g_curr.G_GAME'
Slack : 0.171
TNS   : 0.000

Type  : Slow 1100mV 85C Model Minimum Pulse Width 'game_ctrl:control|g_curr.G_DISP'
Slack : 0.449
TNS   : 0.000

Type  : Slow 1100mV 85C Model Minimum Pulse Width 'VGA|mypll|altpll_component|auto_generated|generic_pll1~FRACTIONAL_PLL|vcoph[0]'
Slack : 1.666
TNS   : 0.000

Type  : Slow 1100mV 85C Model Minimum Pulse Width 'CLOCK_50'
Slack : 8.862
TNS   : 0.000

Type  : Slow 1100mV 85C Model Minimum Pulse Width 'VGA|mypll|altpll_component|auto_generated|generic_pll1~PLL_OUTPUT_COUNTER|divclk'
Slack : 18.763
TNS   : 0.000

Type  : Slow 1100mV 0C Model Setup 'game_ctrl:control|g_curr.G_GAME'
Slack : -8.451
TNS   : -156.048

Type  : Slow 1100mV 0C Model Setup 'game_ctrl:control|g_curr.G_DISP'
Slack : -5.707
TNS   : -5.707

Type  : Slow 1100mV 0C Model Setup 'counter[0]'
Slack : -5.406
TNS   : -63.974

Type  : Slow 1100mV 0C Model Setup 'CLOCK_50'
Slack : -3.972
TNS   : -471.013

Type  : Slow 1100mV 0C Model Setup 'VGA|mypll|altpll_component|auto_generated|generic_pll1~PLL_OUTPUT_COUNTER|divclk'
Slack : 34.139
TNS   : 0.000

Type  : Slow 1100mV 0C Model Hold 'CLOCK_50'
Slack : 0.159
TNS   : 0.000

Type  : Slow 1100mV 0C Model Hold 'counter[0]'
Slack : 0.363
TNS   : 0.000

Type  : Slow 1100mV 0C Model Hold 'VGA|mypll|altpll_component|auto_generated|generic_pll1~PLL_OUTPUT_COUNTER|divclk'
Slack : 0.391
TNS   : 0.000

Type  : Slow 1100mV 0C Model Hold 'game_ctrl:control|g_curr.G_DISP'
Slack : 0.514
TNS   : 0.000

Type  : Slow 1100mV 0C Model Hold 'game_ctrl:control|g_curr.G_GAME'
Slack : 0.947
TNS   : 0.000

Type  : Slow 1100mV 0C Model Minimum Pulse Width 'counter[0]'
Slack : -0.445
TNS   : -9.695

Type  : Slow 1100mV 0C Model Minimum Pulse Width 'game_ctrl:control|g_curr.G_GAME'
Slack : 0.154
TNS   : 0.000

Type  : Slow 1100mV 0C Model Minimum Pulse Width 'game_ctrl:control|g_curr.G_DISP'
Slack : 0.411
TNS   : 0.000

Type  : Slow 1100mV 0C Model Minimum Pulse Width 'VGA|mypll|altpll_component|auto_generated|generic_pll1~FRACTIONAL_PLL|vcoph[0]'
Slack : 1.666
TNS   : 0.000

Type  : Slow 1100mV 0C Model Minimum Pulse Width 'CLOCK_50'
Slack : 8.812
TNS   : 0.000

Type  : Slow 1100mV 0C Model Minimum Pulse Width 'VGA|mypll|altpll_component|auto_generated|generic_pll1~PLL_OUTPUT_COUNTER|divclk'
Slack : 18.743
TNS   : 0.000

Type  : Fast 1100mV 85C Model Setup 'game_ctrl:control|g_curr.G_GAME'
Slack : -4.454
TNS   : -80.674

Type  : Fast 1100mV 85C Model Setup 'counter[0]'
Slack : -3.353
TNS   : -38.938

Type  : Fast 1100mV 85C Model Setup 'CLOCK_50'
Slack : -3.332
TNS   : -371.723

Type  : Fast 1100mV 85C Model Setup 'game_ctrl:control|g_curr.G_DISP'
Slack : -2.830
TNS   : -2.830

Type  : Fast 1100mV 85C Model Setup 'VGA|mypll|altpll_component|auto_generated|generic_pll1~PLL_OUTPUT_COUNTER|divclk'
Slack : 36.376
TNS   : 0.000

Type  : Fast 1100mV 85C Model Hold 'CLOCK_50'
Slack : 0.138
TNS   : 0.000

Type  : Fast 1100mV 85C Model Hold 'counter[0]'
Slack : 0.175
TNS   : 0.000

Type  : Fast 1100mV 85C Model Hold 'game_ctrl:control|g_curr.G_DISP'
Slack : 0.211
TNS   : 0.000

Type  : Fast 1100mV 85C Model Hold 'VGA|mypll|altpll_component|auto_generated|generic_pll1~PLL_OUTPUT_COUNTER|divclk'
Slack : 0.230
TNS   : 0.000

Type  : Fast 1100mV 85C Model Hold 'game_ctrl:control|g_curr.G_GAME'
Slack : 0.604
TNS   : 0.000

Type  : Fast 1100mV 85C Model Minimum Pulse Width 'counter[0]'
Slack : -0.148
TNS   : -0.448

Type  : Fast 1100mV 85C Model Minimum Pulse Width 'game_ctrl:control|g_curr.G_GAME'
Slack : 0.207
TNS   : 0.000

Type  : Fast 1100mV 85C Model Minimum Pulse Width 'game_ctrl:control|g_curr.G_DISP'
Slack : 0.474
TNS   : 0.000

Type  : Fast 1100mV 85C Model Minimum Pulse Width 'VGA|mypll|altpll_component|auto_generated|generic_pll1~FRACTIONAL_PLL|vcoph[0]'
Slack : 1.666
TNS   : 0.000

Type  : Fast 1100mV 85C Model Minimum Pulse Width 'CLOCK_50'
Slack : 8.793
TNS   : 0.000

Type  : Fast 1100mV 85C Model Minimum Pulse Width 'VGA|mypll|altpll_component|auto_generated|generic_pll1~PLL_OUTPUT_COUNTER|divclk'
Slack : 18.883
TNS   : 0.000

Type  : Fast 1100mV 0C Model Setup 'game_ctrl:control|g_curr.G_GAME'
Slack : -4.215
TNS   : -76.913

Type  : Fast 1100mV 0C Model Setup 'counter[0]'
Slack : -3.170
TNS   : -35.948

Type  : Fast 1100mV 0C Model Setup 'game_ctrl:control|g_curr.G_DISP'
Slack : -2.646
TNS   : -2.646

Type  : Fast 1100mV 0C Model Setup 'CLOCK_50'
Slack : -2.635
TNS   : -289.289

Type  : Fast 1100mV 0C Model Setup 'VGA|mypll|altpll_component|auto_generated|generic_pll1~PLL_OUTPUT_COUNTER|divclk'
Slack : 36.734
TNS   : 0.000

Type  : Fast 1100mV 0C Model Hold 'CLOCK_50'
Slack : 0.072
TNS   : 0.000

Type  : Fast 1100mV 0C Model Hold 'counter[0]'
Slack : 0.147
TNS   : 0.000

Type  : Fast 1100mV 0C Model Hold 'game_ctrl:control|g_curr.G_DISP'
Slack : 0.165
TNS   : 0.000

Type  : Fast 1100mV 0C Model Hold 'VGA|mypll|altpll_component|auto_generated|generic_pll1~PLL_OUTPUT_COUNTER|divclk'
Slack : 0.207
TNS   : 0.000

Type  : Fast 1100mV 0C Model Hold 'game_ctrl:control|g_curr.G_GAME'
Slack : 0.546
TNS   : 0.000

Type  : Fast 1100mV 0C Model Minimum Pulse Width 'counter[0]'
Slack : -0.086
TNS   : -0.167

Type  : Fast 1100mV 0C Model Minimum Pulse Width 'game_ctrl:control|g_curr.G_GAME'
Slack : 0.238
TNS   : 0.000

Type  : Fast 1100mV 0C Model Minimum Pulse Width 'game_ctrl:control|g_curr.G_DISP'
Slack : 0.467
TNS   : 0.000

Type  : Fast 1100mV 0C Model Minimum Pulse Width 'VGA|mypll|altpll_component|auto_generated|generic_pll1~FRACTIONAL_PLL|vcoph[0]'
Slack : 1.666
TNS   : 0.000

Type  : Fast 1100mV 0C Model Minimum Pulse Width 'CLOCK_50'
Slack : 8.783
TNS   : 0.000

Type  : Fast 1100mV 0C Model Minimum Pulse Width 'VGA|mypll|altpll_component|auto_generated|generic_pll1~PLL_OUTPUT_COUNTER|divclk'
Slack : 18.881
TNS   : 0.000

------------------------------------------------------------
